Archive member included to satisfy reference by file (symbol)

c:/users/ttoomat/stm32cubeide_1.9.0/stm32cubeide/plugins/com.st.stm32cube.ide.mcu.externaltools.gnu-tools-for-stm32.10.3-2021.10.win32_1.0.0.202111181127/tools/bin/../lib/gcc/arm-none-eabi/10.3.1/../../../../arm-none-eabi/lib/thumb/v7e-m+fp/hard\libc_nano.a(lib_a-errno.o)
                              ./Core/Src/syscalls.o (__errno)
c:/users/ttoomat/stm32cubeide_1.9.0/stm32cubeide/plugins/com.st.stm32cube.ide.mcu.externaltools.gnu-tools-for-stm32.10.3-2021.10.win32_1.0.0.202111181127/tools/bin/../lib/gcc/arm-none-eabi/10.3.1/../../../../arm-none-eabi/lib/thumb/v7e-m+fp/hard\libc_nano.a(lib_a-exit.o)
                              c:/users/ttoomat/stm32cubeide_1.9.0/stm32cubeide/plugins/com.st.stm32cube.ide.mcu.externaltools.gnu-tools-for-stm32.10.3-2021.10.win32_1.0.0.202111181127/tools/bin/../lib/gcc/arm-none-eabi/10.3.1/../../../../arm-none-eabi/lib/thumb/v7e-m+fp/hard/crt0.o (exit)
c:/users/ttoomat/stm32cubeide_1.9.0/stm32cubeide/plugins/com.st.stm32cube.ide.mcu.externaltools.gnu-tools-for-stm32.10.3-2021.10.win32_1.0.0.202111181127/tools/bin/../lib/gcc/arm-none-eabi/10.3.1/../../../../arm-none-eabi/lib/thumb/v7e-m+fp/hard\libc_nano.a(lib_a-impure.o)
                              c:/users/ttoomat/stm32cubeide_1.9.0/stm32cubeide/plugins/com.st.stm32cube.ide.mcu.externaltools.gnu-tools-for-stm32.10.3-2021.10.win32_1.0.0.202111181127/tools/bin/../lib/gcc/arm-none-eabi/10.3.1/../../../../arm-none-eabi/lib/thumb/v7e-m+fp/hard\libc_nano.a(lib_a-exit.o) (_global_impure_ptr)
c:/users/ttoomat/stm32cubeide_1.9.0/stm32cubeide/plugins/com.st.stm32cube.ide.mcu.externaltools.gnu-tools-for-stm32.10.3-2021.10.win32_1.0.0.202111181127/tools/bin/../lib/gcc/arm-none-eabi/10.3.1/../../../../arm-none-eabi/lib/thumb/v7e-m+fp/hard\libc_nano.a(lib_a-init.o)
                              c:/users/ttoomat/stm32cubeide_1.9.0/stm32cubeide/plugins/com.st.stm32cube.ide.mcu.externaltools.gnu-tools-for-stm32.10.3-2021.10.win32_1.0.0.202111181127/tools/bin/../lib/gcc/arm-none-eabi/10.3.1/../../../../arm-none-eabi/lib/thumb/v7e-m+fp/hard/crt0.o (__libc_init_array)
c:/users/ttoomat/stm32cubeide_1.9.0/stm32cubeide/plugins/com.st.stm32cube.ide.mcu.externaltools.gnu-tools-for-stm32.10.3-2021.10.win32_1.0.0.202111181127/tools/bin/../lib/gcc/arm-none-eabi/10.3.1/../../../../arm-none-eabi/lib/thumb/v7e-m+fp/hard\libc_nano.a(lib_a-memset.o)
                              c:/users/ttoomat/stm32cubeide_1.9.0/stm32cubeide/plugins/com.st.stm32cube.ide.mcu.externaltools.gnu-tools-for-stm32.10.3-2021.10.win32_1.0.0.202111181127/tools/bin/../lib/gcc/arm-none-eabi/10.3.1/../../../../arm-none-eabi/lib/thumb/v7e-m+fp/hard/crt0.o (memset)
c:/users/ttoomat/stm32cubeide_1.9.0/stm32cubeide/plugins/com.st.stm32cube.ide.mcu.externaltools.gnu-tools-for-stm32.10.3-2021.10.win32_1.0.0.202111181127/tools/bin/../lib/gcc/arm-none-eabi/10.3.1/../../../../arm-none-eabi/lib/thumb/v7e-m+fp/hard\libm.a(lib_a-s_sin.o)
                              ./Core/Src/main.o (sin)
c:/users/ttoomat/stm32cubeide_1.9.0/stm32cubeide/plugins/com.st.stm32cube.ide.mcu.externaltools.gnu-tools-for-stm32.10.3-2021.10.win32_1.0.0.202111181127/tools/bin/../lib/gcc/arm-none-eabi/10.3.1/../../../../arm-none-eabi/lib/thumb/v7e-m+fp/hard\libm.a(lib_a-e_rem_pio2.o)
                              c:/users/ttoomat/stm32cubeide_1.9.0/stm32cubeide/plugins/com.st.stm32cube.ide.mcu.externaltools.gnu-tools-for-stm32.10.3-2021.10.win32_1.0.0.202111181127/tools/bin/../lib/gcc/arm-none-eabi/10.3.1/../../../../arm-none-eabi/lib/thumb/v7e-m+fp/hard\libm.a(lib_a-s_sin.o) (__ieee754_rem_pio2)
c:/users/ttoomat/stm32cubeide_1.9.0/stm32cubeide/plugins/com.st.stm32cube.ide.mcu.externaltools.gnu-tools-for-stm32.10.3-2021.10.win32_1.0.0.202111181127/tools/bin/../lib/gcc/arm-none-eabi/10.3.1/../../../../arm-none-eabi/lib/thumb/v7e-m+fp/hard\libm.a(lib_a-k_cos.o)
                              c:/users/ttoomat/stm32cubeide_1.9.0/stm32cubeide/plugins/com.st.stm32cube.ide.mcu.externaltools.gnu-tools-for-stm32.10.3-2021.10.win32_1.0.0.202111181127/tools/bin/../lib/gcc/arm-none-eabi/10.3.1/../../../../arm-none-eabi/lib/thumb/v7e-m+fp/hard\libm.a(lib_a-s_sin.o) (__kernel_cos)
c:/users/ttoomat/stm32cubeide_1.9.0/stm32cubeide/plugins/com.st.stm32cube.ide.mcu.externaltools.gnu-tools-for-stm32.10.3-2021.10.win32_1.0.0.202111181127/tools/bin/../lib/gcc/arm-none-eabi/10.3.1/../../../../arm-none-eabi/lib/thumb/v7e-m+fp/hard\libm.a(lib_a-k_rem_pio2.o)
                              c:/users/ttoomat/stm32cubeide_1.9.0/stm32cubeide/plugins/com.st.stm32cube.ide.mcu.externaltools.gnu-tools-for-stm32.10.3-2021.10.win32_1.0.0.202111181127/tools/bin/../lib/gcc/arm-none-eabi/10.3.1/../../../../arm-none-eabi/lib/thumb/v7e-m+fp/hard\libm.a(lib_a-e_rem_pio2.o) (__kernel_rem_pio2)
[...]
Memory Configuration

Name             Origin             Length             Attributes
RAM              0x0000000020000000 0x0000000000020000 xrw
FLASH            0x0000000008000000 0x0000000000080000 xr
*default*        0x0000000000000000 0xffffffffffffffff

Linker script and memory map

LOAD c:/users/ttoomat/stm32cubeide_1.9.0/stm32cubeide/plugins/com.st.stm32cube.ide.mcu.externaltools.gnu-tools-for-stm32.10.3-2021.10.win32_1.0.0.202111181127/tools/bin/../lib/gcc/arm-none-eabi/10.3.1/thumb/v7e-m+fp/hard/crti.o
LOAD c:/users/ttoomat/stm32cubeide_1.9.0/stm32cubeide/plugins/com.st.stm32cube.ide.mcu.externaltools.gnu-tools-for-stm32.10.3-2021.10.win32_1.0.0.202111181127/tools/bin/../lib/gcc/arm-none-eabi/10.3.1/thumb/v7e-m+fp/hard/crtbegin.o
LOAD c:/users/ttoomat/stm32cubeide_1.9.0/stm32cubeide/plugins/com.st.stm32cube.ide.mcu.externaltools.gnu-tools-for-stm32.10.3-2021.10.win32_1.0.0.202111181127/tools/bin/../lib/gcc/arm-none-eabi/10.3.1/../../../../arm-none-eabi/lib/thumb/v7e-m+fp/hard/crt0.o
LOAD ./Core/Src/init.o
LOAD ./Core/Src/irq.o
LOAD ./Core/Src/main.o
LOAD ./Core/Src/syscalls.o
LOAD ./Core/Src/sysmem.o
LOAD ./Core/Src/system_stm32f4xx.o
LOAD ./Core/Src/usart.o
LOAD ./Core/Startup/startup_stm32f446retx.o
START GROUP
LOAD c:/users/ttoomat/stm32cubeide_1.9.0/stm32cubeide/plugins/com.st.stm32cube.ide.mcu.externaltools.gnu-tools-for-stm32.10.3-2021.10.win32_1.0.0.202111181127/tools/bin/../lib/gcc/arm-none-eabi/10.3.1/../../../../arm-none-eabi/lib/thumb/v7e-m+fp/hard\libc_nano.a
LOAD c:/users/ttoomat/stm32cubeide_1.9.0/stm32cubeide/plugins/com.st.stm32cube.ide.mcu.externaltools.gnu-tools-for-stm32.10.3-2021.10.win32_1.0.0.202111181127/tools/bin/../lib/gcc/arm-none-eabi/10.3.1/../../../../arm-none-eabi/lib/thumb/v7e-m+fp/hard\libm.a
END GROUP
START GROUP
LOAD c:/users/ttoomat/stm32cubeide_1.9.0/stm32cubeide/plugins/com.st.stm32cube.ide.mcu.externaltools.gnu-tools-for-stm32.10.3-2021.10.win32_1.0.0.202111181127/tools/bin/../lib/gcc/arm-none-eabi/10.3.1/thumb/v7e-m+fp/hard\libgcc.a
LOAD c:/users/ttoomat/stm32cubeide_1.9.0/stm32cubeide/plugins/com.st.stm32cube.ide.mcu.externaltools.gnu-tools-for-stm32.10.3-2021.10.win32_1.0.0.202111181127/tools/bin/../lib/gcc/arm-none-eabi/10.3.1/../../../../arm-none-eabi/lib/thumb/v7e-m+fp/hard\libc_nano.a
END GROUP
START GROUP
LOAD c:/users/ttoomat/stm32cubeide_1.9.0/stm32cubeide/plugins/com.st.stm32cube.ide.mcu.externaltools.gnu-tools-for-stm32.10.3-2021.10.win32_1.0.0.202111181127/tools/bin/../lib/gcc/arm-none-eabi/10.3.1/thumb/v7e-m+fp/hard\libgcc.a
LOAD c:/users/ttoomat/stm32cubeide_1.9.0/stm32cubeide/plugins/com.st.stm32cube.ide.mcu.externaltools.gnu-tools-for-stm32.10.3-2021.10.win32_1.0.0.202111181127/tools/bin/../lib/gcc/arm-none-eabi/10.3.1/../../../../arm-none-eabi/lib/thumb/v7e-m+fp/hard\libc_nano.a
LOAD c:/users/ttoomat/stm32cubeide_1.9.0/stm32cubeide/plugins/com.st.stm32cube.ide.mcu.externaltools.gnu-tools-for-stm32.10.3-2021.10.win32_1.0.0.202111181127/tools/bin/../lib/gcc/arm-none-eabi/10.3.1/../../../../arm-none-eabi/lib/thumb/v7e-m+fp/hard\libnosys.a
END GROUP
START GROUP
LOAD c:/users/ttoomat/stm32cubeide_1.9.0/stm32cubeide/plugins/com.st.stm32cube.ide.mcu.externaltools.gnu-tools-for-stm32.10.3-2021.10.win32_1.0.0.202111181127/tools/bin/../lib/gcc/arm-none-eabi/10.3.1/thumb/v7e-m+fp/hard\libgcc.a
LOAD c:/users/ttoomat/stm32cubeide_1.9.0/stm32cubeide/plugins/com.st.stm32cube.ide.mcu.externaltools.gnu-tools-for-stm32.10.3-2021.10.win32_1.0.0.202111181127/tools/bin/../lib/gcc/arm-none-eabi/10.3.1/../../../../arm-none-eabi/lib/thumb/v7e-m+fp/hard\libc_nano.a
LOAD c:/users/ttoomat/stm32cubeide_1.9.0/stm32cubeide/plugins/com.st.stm32cube.ide.mcu.externaltools.gnu-tools-for-stm32.10.3-2021.10.win32_1.0.0.202111181127/tools/bin/../lib/gcc/arm-none-eabi/10.3.1/../../../../arm-none-eabi/lib/thumb/v7e-m+fp/hard\libnosys.a
END GROUP
LOAD c:/users/ttoomat/stm32cubeide_1.9.0/stm32cubeide/plugins/com.st.stm32cube.ide.mcu.externaltools.gnu-tools-for-stm32.10.3-2021.10.win32_1.0.0.202111181127/tools/bin/../lib/gcc/arm-none-eabi/10.3.1/thumb/v7e-m+fp/hard/crtend.o
LOAD c:/users/ttoomat/stm32cubeide_1.9.0/stm32cubeide/plugins/com.st.stm32cube.ide.mcu.externaltools.gnu-tools-for-stm32.10.3-2021.10.win32_1.0.0.202111181127/tools/bin/../lib/gcc/arm-none-eabi/10.3.1/thumb/v7e-m+fp/hard/crtn.o
                0x0000000020020000                _estack = (ORIGIN (RAM) + LENGTH (RAM))
                0x0000000000000200                _Min_Heap_Size = 0x200
                0x0000000000000400                _Min_Stack_Size = 0x400

.isr_vector     0x0000000008000000      0x1c4
                0x0000000008000000                . = ALIGN (0x4)
 *(.isr_vector)
 .isr_vector    0x0000000008000000      0x1c4 ./Core/Startup/startup_stm32f446retx.o
                0x0000000008000000                g_pfnVectors
                0x00000000080001c4                . = ALIGN (0x4)

.text           0x00000000080001c8     0x2234
                0x00000000080001c8                . = ALIGN (0x4)
 *(.text)
 .text          0x00000000080001c8       0x40 c:/users/ttoomat/stm32cubeide_1.9.0/stm32cubeide/plugins/com.st.stm32cube.ide.mcu.externaltools.gnu-tools-for-stm32.10.3-2021.10.win32_1.0.0.202111181127/tools/bin/../lib/gcc/arm-none-eabi/10.3.1/thumb/v7e-m+fp/hard/crtbegin.o
 .text          0x0000000008000208      0x378 c:/users/ttoomat/stm32cubeide_1.9.0/stm32cubeide/plugins/com.st.stm32cube.ide.mcu.externaltools.gnu-tools-for-stm32.10.3-2021.10.win32_1.0.0.202111181127/tools/bin/../lib/gcc/arm-none-eabi/10.3.1/thumb/v7e-m+fp/hard\libgcc.a(_arm_addsubdf3.o)
                0x0000000008000208                __aeabi_drsub
                0x0000000008000210                __aeabi_dsub
                0x0000000008000210                __subdf3
                0x0000000008000214                __aeabi_dadd
                0x0000000008000214                __adddf3
                0x000000000800048c                __floatunsidf
                0x000000000800048c                __aeabi_ui2d
                0x00000000080004ac                __floatsidf
                0x00000000080004ac                __aeabi_i2d
                0x00000000080004d0                __aeabi_f2d
                0x00000000080004d0                __extendsfdf2
                0x0000000008000514                __floatundidf
                0x0000000008000514                __aeabi_ul2d
                0x0000000008000524                __floatdidf
                0x0000000008000524                __aeabi_l2d
 .text          0x0000000008000580      0x424 c:/users/ttoomat/stm32cubeide_1.9.0/stm32cubeide/plugins/com.st.stm32cube.ide.mcu.externaltools.gnu-tools-for-stm32.10.3-2021.10.win32_1.0.0.202111181127/tools/bin/../lib/gcc/arm-none-eabi/10.3.1/thumb/v7e-m+fp/hard\libgcc.a(_arm_muldivdf3.o)
                0x0000000008000580                __aeabi_dmul
                0x0000000008000580                __muldf3
                0x00000000080007d4                __divdf3
                0x00000000080007d4                __aeabi_ddiv
 .text          0x00000000080009a4      0x110 c:/users/ttoomat/stm32cubeide_1.9.0/stm32cubeide/plugins/com.st.stm32cube.ide.mcu.externaltools.gnu-tools-for-stm32.10.3-2021.10.win32_1.0.0.202111181127/tools/bin/../lib/gcc/arm-none-eabi/10.3.1/thumb/v7e-m+fp/hard\libgcc.a(_arm_cmpdf2.o)
                0x00000000080009a4                __gtdf2
                0x00000000080009a4                __gedf2
                0x00000000080009ac                __ltdf2
                0x00000000080009ac                __ledf2
                0x00000000080009b4                __nedf2
                0x00000000080009b4                __eqdf2
                0x00000000080009b4                __cmpdf2
                0x0000000008000a30                __aeabi_cdrcmple
                0x0000000008000a40                __aeabi_cdcmpeq
                0x0000000008000a40                __aeabi_cdcmple
                0x0000000008000a50                __aeabi_dcmpeq
                0x0000000008000a64                __aeabi_dcmplt
                0x0000000008000a78                __aeabi_dcmple
                0x0000000008000a8c                __aeabi_dcmpge
                0x0000000008000aa0                __aeabi_dcmpgt
 .text          0x0000000008000ab4       0x50 c:/users/ttoomat/stm32cubeide_1.9.0/stm32cubeide/plugins/com.st.stm32cube.ide.mcu.externaltools.gnu-tools-for-stm32.10.3-2021.10.win32_1.0.0.202111181127/tools/bin/../lib/gcc/arm-none-eabi/10.3.1/thumb/v7e-m+fp/hard\libgcc.a(_arm_fixdfsi.o)
                0x0000000008000ab4                __aeabi_d2iz
                0x0000000008000ab4                __fixdfsi
 .text          0x0000000008000b04       0x40 c:/users/ttoomat/stm32cubeide_1.9.0/stm32cubeide/plugins/com.st.stm32cube.ide.mcu.externaltools.gnu-tools-for-stm32.10.3-2021.10.win32_1.0.0.202111181127/tools/bin/../lib/gcc/arm-none-eabi/10.3.1/thumb/v7e-m+fp/hard\libgcc.a(_arm_fixunsdfsi.o)
                0x0000000008000b04                __aeabi_d2uiz
                0x0000000008000b04                __fixunsdfsi
 *(.text*)
 .text.__NVIC_EnableIRQ
                0x0000000008000b44       0x3c ./Core/Src/init.o
 .text.RCC_Init
                0x0000000008000b80      0x1ac ./Core/Src/init.o
                0x0000000008000b80                RCC_Init
 .text.DAC_MODER_Init
                0x0000000008000d2c       0x3c ./Core/Src/init.o
                0x0000000008000d2c                DAC_MODER_Init
 .text.DAC_Init
                0x0000000008000d68       0x34 ./Core/Src/init.o
                0x0000000008000d68                DAC_Init
 .text.USART2_MODER_Init
                0x0000000008000d9c       0xb4 ./Core/Src/init.o
                0x0000000008000d9c                USART2_MODER_Init
 .text.USART2_Init
                0x0000000008000e50       0x60 ./Core/Src/init.o
                0x0000000008000e50                USART2_Init
 .text.TIM6_Init
                0x0000000008000eb0       0x44 ./Core/Src/init.o
                0x0000000008000eb0                TIM6_Init
 .text.USART2_IRQHandler
                0x0000000008000ef4       0x70 ./Core/Src/irq.o
                0x0000000008000ef4                USART2_IRQHandler
 .text.TIM6_DAC_IRQHandler
                0x0000000008000f64       0x4c ./Core/Src/irq.o
                0x0000000008000f64                TIM6_DAC_IRQHandler
 .text.SysTick_Handler
                0x0000000008000fb0       0x4c ./Core/Src/irq.o
                0x0000000008000fb0                SysTick_Handler
 *fill*         0x0000000008000ffc        0x4 
 .text.main     0x0000000008001000      0x134 ./Core/Src/main.o
                0x0000000008001000                main
 .text.SystemInit
                0x0000000008001134       0x24 ./Core/Src/system_stm32f4xx.o
                0x0000000008001134                SystemInit
 .text.transmit
                0x0000000008001158       0x4c ./Core/Src/usart.o
                0x0000000008001158                transmit
 *fill*         0x00000000080011a4        0x4 
 .text.USART_change_freq
                0x00000000080011a8      0x10c ./Core/Src/usart.o
                0x00000000080011a8                USART_change_freq
 .text.Reset_Handler
                0x00000000080012b4       0x50 ./Core/Startup/startup_stm32f446retx.o
                0x00000000080012b4                Reset_Handler
 .text.Default_Handler
                0x0000000008001304        0x2 ./Core/Startup/startup_stm32f446retx.o
                0x0000000008001304                RTC_Alarm_IRQHandler
                0x0000000008001304                EXTI2_IRQHandler
                0x0000000008001304                TIM8_CC_IRQHandler
                0x0000000008001304                DebugMon_Handler
                0x0000000008001304                FMPI2C1_EV_IRQHandler
                0x0000000008001304                SPI4_IRQHandler
                0x0000000008001304                TIM1_CC_IRQHandler
                0x0000000008001304                DMA2_Stream5_IRQHandler
                0x0000000008001304                HardFault_Handler
                0x0000000008001304                DMA1_Stream5_IRQHandler
                0x0000000008001304                PVD_IRQHandler
                0x0000000008001304                SDIO_IRQHandler
                0x0000000008001304                TAMP_STAMP_IRQHandler
                0x0000000008001304                PendSV_Handler
                0x0000000008001304                NMI_Handler
                0x0000000008001304                CAN2_RX1_IRQHandler
                0x0000000008001304                EXTI3_IRQHandler
                0x0000000008001304                TIM8_TRG_COM_TIM14_IRQHandler
                0x0000000008001304                TIM1_UP_TIM10_IRQHandler
                0x0000000008001304                TIM8_UP_TIM13_IRQHandler
                0x0000000008001304                I2C3_ER_IRQHandler
                0x0000000008001304                EXTI0_IRQHandler
                0x0000000008001304                I2C2_EV_IRQHandler
                0x0000000008001304                DMA1_Stream2_IRQHandler
                0x0000000008001304                CAN1_RX0_IRQHandler
                0x0000000008001304                FPU_IRQHandler
                0x0000000008001304                OTG_HS_WKUP_IRQHandler
                0x0000000008001304                UsageFault_Handler
                0x0000000008001304                CAN2_SCE_IRQHandler
                0x0000000008001304                DMA2_Stream2_IRQHandler
                0x0000000008001304                SPI1_IRQHandler
                0x0000000008001304                TIM1_BRK_TIM9_IRQHandler
                0x0000000008001304                DCMI_IRQHandler
                0x0000000008001304                CAN2_RX0_IRQHandler
                0x0000000008001304                DMA2_Stream3_IRQHandler
                0x0000000008001304                SAI2_IRQHandler
                0x0000000008001304                USART6_IRQHandler
                0x0000000008001304                USART3_IRQHandler
                0x0000000008001304                CAN1_RX1_IRQHandler
                0x0000000008001304                UART5_IRQHandler
                0x0000000008001304                DMA2_Stream0_IRQHandler
                0x0000000008001304                TIM4_IRQHandler
                0x0000000008001304                QUADSPI_IRQHandler
                0x0000000008001304                I2C1_EV_IRQHandler
                0x0000000008001304                DMA1_Stream6_IRQHandler
                0x0000000008001304                DMA1_Stream1_IRQHandler
                0x0000000008001304                UART4_IRQHandler
                0x0000000008001304                TIM3_IRQHandler
                0x0000000008001304                RCC_IRQHandler
                0x0000000008001304                TIM8_BRK_TIM12_IRQHandler
                0x0000000008001304                Default_Handler
                0x0000000008001304                CEC_IRQHandler
                0x0000000008001304                EXTI15_10_IRQHandler
                0x0000000008001304                ADC_IRQHandler
                0x0000000008001304                DMA1_Stream7_IRQHandler
                0x0000000008001304                TIM7_IRQHandler
                0x0000000008001304                CAN2_TX_IRQHandler
                0x0000000008001304                TIM5_IRQHandler
                0x0000000008001304                DMA2_Stream7_IRQHandler
                0x0000000008001304                I2C3_EV_IRQHandler
                0x0000000008001304                EXTI9_5_IRQHandler
                0x0000000008001304                RTC_WKUP_IRQHandler
                0x0000000008001304                SPDIF_RX_IRQHandler
                0x0000000008001304                SPI2_IRQHandler
                0x0000000008001304                OTG_HS_EP1_IN_IRQHandler
                0x0000000008001304                MemManage_Handler
                0x0000000008001304                DMA1_Stream0_IRQHandler
                0x0000000008001304                CAN1_TX_IRQHandler
                0x0000000008001304                SVC_Handler
                0x0000000008001304                FMPI2C1_ER_IRQHandler
                0x0000000008001304                EXTI4_IRQHandler
                0x0000000008001304                OTG_HS_EP1_OUT_IRQHandler
                0x0000000008001304                WWDG_IRQHandler
                0x0000000008001304                TIM2_IRQHandler
                0x0000000008001304                OTG_FS_WKUP_IRQHandler
                0x0000000008001304                TIM1_TRG_COM_TIM11_IRQHandler
                0x0000000008001304                OTG_HS_IRQHandler
                0x0000000008001304                EXTI1_IRQHandler
                0x0000000008001304                I2C2_ER_IRQHandler
                0x0000000008001304                DMA2_Stream1_IRQHandler
                0x0000000008001304                CAN1_SCE_IRQHandler
                0x0000000008001304                FLASH_IRQHandler
                0x0000000008001304                DMA2_Stream4_IRQHandler
                0x0000000008001304                BusFault_Handler
                0x0000000008001304                USART1_IRQHandler
                0x0000000008001304                OTG_FS_IRQHandler
                0x0000000008001304                SPI3_IRQHandler
                0x0000000008001304                DMA1_Stream4_IRQHandler
                0x0000000008001304                I2C1_ER_IRQHandler
                0x0000000008001304                FMC_IRQHandler
                0x0000000008001304                DMA2_Stream6_IRQHandler
                0x0000000008001304                SAI1_IRQHandler
                0x0000000008001304                DMA1_Stream3_IRQHandler
 *fill*         0x0000000008001306        0x2 
 .text.__libc_init_array
                0x0000000008001308       0x48 c:/users/ttoomat/stm32cubeide_1.9.0/stm32cubeide/plugins/com.st.stm32cube.ide.mcu.externaltools.gnu-tools-for-stm32.10.3-2021.10.win32_1.0.0.202111181127/tools/bin/../lib/gcc/arm-none-eabi/10.3.1/../../../../arm-none-eabi/lib/thumb/v7e-m+fp/hard\libc_nano.a(lib_a-init.o)
                0x0000000008001308                __libc_init_array
 .text.sin      0x0000000008001350       0xb0 c:/users/ttoomat/stm32cubeide_1.9.0/stm32cubeide/plugins/com.st.stm32cube.ide.mcu.externaltools.gnu-tools-for-stm32.10.3-2021.10.win32_1.0.0.202111181127/tools/bin/../lib/gcc/arm-none-eabi/10.3.1/../../../../arm-none-eabi/lib/thumb/v7e-m+fp/hard\libm.a(lib_a-s_sin.o)
                0x0000000008001350                sin
 .text.__ieee754_rem_pio2
                0x0000000008001400      0x418 c:/users/ttoomat/stm32cubeide_1.9.0/stm32cubeide/plugins/com.st.stm32cube.ide.mcu.externaltools.gnu-tools-for-stm32.10.3-2021.10.win32_1.0.0.202111181127/tools/bin/../lib/gcc/arm-none-eabi/10.3.1/../../../../arm-none-eabi/lib/thumb/v7e-m+fp/hard\libm.a(lib_a-e_rem_pio2.o)
                0x0000000008001400                __ieee754_rem_pio2
 .text.__kernel_cos
                0x0000000008001818      0x18c c:/users/ttoomat/stm32cubeide_1.9.0/stm32cubeide/plugins/com.st.stm32cube.ide.mcu.externaltools.gnu-tools-for-stm32.10.3-2021.10.win32_1.0.0.202111181127/tools/bin/../lib/gcc/arm-none-eabi/10.3.1/../../../../arm-none-eabi/lib/thumb/v7e-m+fp/hard\libm.a(lib_a-k_cos.o)
                0x0000000008001818                __kernel_cos
 *fill*         0x00000000080019a4        0x4 
 .text.__kernel_rem_pio2
                0x00000000080019a8      0x69c c:/users/ttoomat/stm32cubeide_1.9.0/stm32cubeide/plugins/com.st.stm32cube.ide.mcu.externaltools.gnu-tools-for-stm32.10.3-2021.10.win32_1.0.0.202111181127/tools/bin/../lib/gcc/arm-none-eabi/10.3.1/../../../../arm-none-eabi/lib/thumb/v7e-m+fp/hard\libm.a(lib_a-k_rem_pio2.o)
                0x00000000080019a8                __kernel_rem_pio2
 *fill*         0x0000000008002044        0x4 
 .text.__kernel_sin
                0x0000000008002048      0x17c c:/users/ttoomat/stm32cubeide_1.9.0/stm32cubeide/plugins/com.st.stm32cube.ide.mcu.externaltools.gnu-tools-for-stm32.10.3-2021.10.win32_1.0.0.202111181127/tools/bin/../lib/gcc/arm-none-eabi/10.3.1/../../../../arm-none-eabi/lib/thumb/v7e-m+fp/hard\libm.a(lib_a-k_sin.o)
                0x0000000008002048                __kernel_sin
 .text.fabs     0x00000000080021c4       0x12 c:/users/ttoomat/stm32cubeide_1.9.0/stm32cubeide/plugins/com.st.stm32cube.ide.mcu.externaltools.gnu-tools-for-stm32.10.3-2021.10.win32_1.0.0.202111181127/tools/bin/../lib/gcc/arm-none-eabi/10.3.1/../../../../arm-none-eabi/lib/thumb/v7e-m+fp/hard\libm.a(lib_a-s_fabs.o)
                0x00000000080021c4                fabs
 *fill*         0x00000000080021d6        0x2 
 .text.floor    0x00000000080021d8      0x100 c:/users/ttoomat/stm32cubeide_1.9.0/stm32cubeide/plugins/com.st.stm32cube.ide.mcu.externaltools.gnu-tools-for-stm32.10.3-2021.10.win32_1.0.0.202111181127/tools/bin/../lib/gcc/arm-none-eabi/10.3.1/../../../../arm-none-eabi/lib/thumb/v7e-m+fp/hard\libm.a(lib_a-s_floor.o)
                0x00000000080021d8                floor
 .text.scalbn   0x00000000080022d8      0x10c c:/users/ttoomat/stm32cubeide_1.9.0/stm32cubeide/plugins/com.st.stm32cube.ide.mcu.externaltools.gnu-tools-for-stm32.10.3-2021.10.win32_1.0.0.202111181127/tools/bin/../lib/gcc/arm-none-eabi/10.3.1/../../../../arm-none-eabi/lib/thumb/v7e-m+fp/hard\libm.a(lib_a-s_scalbn.o)
                0x00000000080022d8                scalbn
 *(.glue_7)
 .glue_7        0x00000000080023e4        0x0 linker stubs
 *(.glue_7t)
 .glue_7t       0x00000000080023e4        0x0 linker stubs
 *(.eh_frame)
 .eh_frame      0x00000000080023e4        0x0 c:/users/ttoomat/stm32cubeide_1.9.0/stm32cubeide/plugins/com.st.stm32cube.ide.mcu.externaltools.gnu-tools-for-stm32.10.3-2021.10.win32_1.0.0.202111181127/tools/bin/../lib/gcc/arm-none-eabi/10.3.1/thumb/v7e-m+fp/hard/crtbegin.o
 *(.init)
 .init          0x00000000080023e4        0x4 c:/users/ttoomat/stm32cubeide_1.9.0/stm32cubeide/plugins/com.st.stm32cube.ide.mcu.externaltools.gnu-tools-for-stm32.10.3-2021.10.win32_1.0.0.202111181127/tools/bin/../lib/gcc/arm-none-eabi/10.3.1/thumb/v7e-m+fp/hard/crti.o
                0x00000000080023e4                _init
 .init          0x00000000080023e8        0x8 c:/users/ttoomat/stm32cubeide_1.9.0/stm32cubeide/plugins/com.st.stm32cube.ide.mcu.externaltools.gnu-tools-for-stm32.10.3-2021.10.win32_1.0.0.202111181127/tools/bin/../lib/gcc/arm-none-eabi/10.3.1/thumb/v7e-m+fp/hard/crtn.o
 *(.fini)
 .fini          0x00000000080023f0        0x4 c:/users/ttoomat/stm32cubeide_1.9.0/stm32cubeide/plugins/com.st.stm32cube.ide.mcu.externaltools.gnu-tools-for-stm32.10.3-2021.10.win32_1.0.0.202111181127/tools/bin/../lib/gcc/arm-none-eabi/10.3.1/thumb/v7e-m+fp/hard/crti.o
                0x00000000080023f0                _fini
 .fini          0x00000000080023f4        0x8 c:/users/ttoomat/stm32cubeide_1.9.0/stm32cubeide/plugins/com.st.stm32cube.ide.mcu.externaltools.gnu-tools-for-stm32.10.3-2021.10.win32_1.0.0.202111181127/tools/bin/../lib/gcc/arm-none-eabi/10.3.1/thumb/v7e-m+fp/hard/crtn.o
                0x00000000080023fc                . = ALIGN (0x4)
                0x00000000080023fc                _etext = .

.vfp11_veneer   0x00000000080023fc        0x0
 .vfp11_veneer  0x00000000080023fc        0x0 linker stubs

.v4_bx          0x00000000080023fc        0x0
 .v4_bx         0x00000000080023fc        0x0 linker stubs

.iplt           0x00000000080023fc        0x0
 .iplt          0x00000000080023fc        0x0 c:/users/ttoomat/stm32cubeide_1.9.0/stm32cubeide/plugins/com.st.stm32cube.ide.mcu.externaltools.gnu-tools-for-stm32.10.3-2021.10.win32_1.0.0.202111181127/tools/bin/../lib/gcc/arm-none-eabi/10.3.1/thumb/v7e-m+fp/hard/crtbegin.o

.rodata         0x0000000008002400      0x1d8
                0x0000000008002400                . = ALIGN (0x4)
 *(.rodata)
 *(.rodata*)
 .rodata.npio2_hw
                0x0000000008002400       0x80 c:/users/ttoomat/stm32cubeide_1.9.0/stm32cubeide/plugins/com.st.stm32cube.ide.mcu.externaltools.gnu-tools-for-stm32.10.3-2021.10.win32_1.0.0.202111181127/tools/bin/../lib/gcc/arm-none-eabi/10.3.1/../../../../arm-none-eabi/lib/thumb/v7e-m+fp/hard\libm.a(lib_a-e_rem_pio2.o)
 .rodata.two_over_pi
                0x0000000008002480      0x108 c:/users/ttoomat/stm32cubeide_1.9.0/stm32cubeide/plugins/com.st.stm32cube.ide.mcu.externaltools.gnu-tools-for-stm32.10.3-2021.10.win32_1.0.0.202111181127/tools/bin/../lib/gcc/arm-none-eabi/10.3.1/../../../../arm-none-eabi/lib/thumb/v7e-m+fp/hard\libm.a(lib_a-e_rem_pio2.o)
 .rodata.PIo2   0x0000000008002588       0x40 c:/users/ttoomat/stm32cubeide_1.9.0/stm32cubeide/plugins/com.st.stm32cube.ide.mcu.externaltools.gnu-tools-for-stm32.10.3-2021.10.win32_1.0.0.202111181127/tools/bin/../lib/gcc/arm-none-eabi/10.3.1/../../../../arm-none-eabi/lib/thumb/v7e-m+fp/hard\libm.a(lib_a-k_rem_pio2.o)
 .rodata.init_jk
                0x00000000080025c8       0x10 c:/users/ttoomat/stm32cubeide_1.9.0/stm32cubeide/plugins/com.st.stm32cube.ide.mcu.externaltools.gnu-tools-for-stm32.10.3-2021.10.win32_1.0.0.202111181127/tools/bin/../lib/gcc/arm-none-eabi/10.3.1/../../../../arm-none-eabi/lib/thumb/v7e-m+fp/hard\libm.a(lib_a-k_rem_pio2.o)
                0x00000000080025d8                . = ALIGN (0x4)

.rel.dyn        0x00000000080025d8        0x0
 .rel.iplt      0x00000000080025d8        0x0 c:/users/ttoomat/stm32cubeide_1.9.0/stm32cubeide/plugins/com.st.stm32cube.ide.mcu.externaltools.gnu-tools-for-stm32.10.3-2021.10.win32_1.0.0.202111181127/tools/bin/../lib/gcc/arm-none-eabi/10.3.1/thumb/v7e-m+fp/hard/crtbegin.o

.ARM.extab      0x00000000080025d8        0x0
                0x00000000080025d8                . = ALIGN (0x4)
 *(.ARM.extab* .gnu.linkonce.armextab.*)
                0x00000000080025d8                . = ALIGN (0x4)

.ARM            0x00000000080025d8        0x0
                0x00000000080025d8                . = ALIGN (0x4)
                0x00000000080025d8                __exidx_start = .
 *(.ARM.exidx*)
                0x00000000080025d8                __exidx_end = .
                0x00000000080025d8                . = ALIGN (0x4)

.preinit_array  0x00000000080025d8        0x0
                0x00000000080025d8                . = ALIGN (0x4)
                0x00000000080025d8                PROVIDE (__preinit_array_start = .)
 *(.preinit_array*)
                0x00000000080025d8                PROVIDE (__preinit_array_end = .)
                0x00000000080025d8                . = ALIGN (0x4)

.init_array     0x00000000080025d8        0x4
                0x00000000080025d8                . = ALIGN (0x4)
                0x00000000080025d8                PROVIDE (__init_array_start = .)
 *(SORT_BY_NAME(.init_array.*))
 *(.init_array*)
 .init_array    0x00000000080025d8        0x4 c:/users/ttoomat/stm32cubeide_1.9.0/stm32cubeide/plugins/com.st.stm32cube.ide.mcu.externaltools.gnu-tools-for-stm32.10.3-2021.10.win32_1.0.0.202111181127/tools/bin/../lib/gcc/arm-none-eabi/10.3.1/thumb/v7e-m+fp/hard/crtbegin.o
                0x00000000080025dc                PROVIDE (__init_array_end = .)
                0x00000000080025dc                . = ALIGN (0x4)

.fini_array     0x00000000080025dc        0x4
                0x00000000080025dc                . = ALIGN (0x4)
                [!provide]                        PROVIDE (__fini_array_start = .)
 *(SORT_BY_NAME(.fini_array.*))
 *(.fini_array*)
 .fini_array    0x00000000080025dc        0x4 c:/users/ttoomat/stm32cubeide_1.9.0/stm32cubeide/plugins/com.st.stm32cube.ide.mcu.externaltools.gnu-tools-for-stm32.10.3-2021.10.win32_1.0.0.202111181127/tools/bin/../lib/gcc/arm-none-eabi/10.3.1/thumb/v7e-m+fp/hard/crtbegin.o
                [!provide]                        PROVIDE (__fini_array_end = .)
                0x00000000080025e0                . = ALIGN (0x4)
                0x00000000080025e0                _sidata = LOADADDR (.data)

.data           0x0000000020000000       0x20 load address 0x00000000080025e0
                0x0000000020000000                . = ALIGN (0x4)
                0x0000000020000000                _sdata = .
 *(.data)
 *(.data*)
 .data.dataLen  0x0000000020000000        0x1 ./Core/Src/irq.o
                0x0000000020000000                dataLen
 *fill*         0x0000000020000001        0x3 
 .data.buf      0x0000000020000004        0x2 ./Core/Src/irq.o
                0x0000000020000004                buf
 *fill*         0x0000000020000006        0x2 
 .data.SIN_FREQ
                0x0000000020000008        0x8 ./Core/Src/main.o
                0x0000000020000008                SIN_FREQ
 .data.SIN_AMPLITUDE
                0x0000000020000010        0x8 ./Core/Src/main.o
                0x0000000020000010                SIN_AMPLITUDE
 .data.timer_cnt
                0x0000000020000018        0x4 ./Core/Src/main.o
                0x0000000020000018                timer_cnt
 .data.maxDACData
                0x000000002000001c        0x2 ./Core/Src/main.o
                0x000000002000001c                maxDACData
 *(.RamFunc)
 *(.RamFunc*)
                0x0000000020000020                . = ALIGN (0x4)
 *fill*         0x000000002000001e        0x2 
                0x0000000020000020                _edata = .

.igot.plt       0x0000000020000020        0x0 load address 0x0000000008002600
 .igot.plt      0x0000000020000020        0x0 c:/users/ttoomat/stm32cubeide_1.9.0/stm32cubeide/plugins/com.st.stm32cube.ide.mcu.externaltools.gnu-tools-for-stm32.10.3-2021.10.win32_1.0.0.202111181127/tools/bin/../lib/gcc/arm-none-eabi/10.3.1/thumb/v7e-m+fp/hard/crtbegin.o
                0x0000000020000020                . = ALIGN (0x4)

.bss            0x0000000020000020       0x24 load address 0x0000000008002600
                0x0000000020000020                _sbss = .
                0x0000000020000020                __bss_start__ = _sbss
 *(.bss)
 .bss           0x0000000020000020       0x1c c:/users/ttoomat/stm32cubeide_1.9.0/stm32cubeide/plugins/com.st.stm32cube.ide.mcu.externaltools.gnu-tools-for-stm32.10.3-2021.10.win32_1.0.0.202111181127/tools/bin/../lib/gcc/arm-none-eabi/10.3.1/thumb/v7e-m+fp/hard/crtbegin.o
 *(.bss*)
 .bss.dataCounter
                0x000000002000003c        0x1 ./Core/Src/irq.o
                0x000000002000003c                dataCounter
 .bss.isDataRead
                0x000000002000003d        0x1 ./Core/Src/irq.o
                0x000000002000003d                isDataRead
 .bss.timerUpdate
                0x000000002000003e        0x1 ./Core/Src/main.o
                0x000000002000003e                timerUpdate
 *fill*         0x000000002000003f        0x1 
 .bss.time      0x0000000020000040        0x4 ./Core/Src/main.o
                0x0000000020000040                time
 *(COMMON)
                0x0000000020000044                . = ALIGN (0x4)
                0x0000000020000044                _ebss = .
                0x0000000020000044                __bss_end__ = _ebss

._user_heap_stack
                0x0000000020000044      0x604 load address 0x0000000008002600
                0x0000000020000048                . = ALIGN (0x8)
 *fill*         0x0000000020000044        0x4 
                [!provide]                        PROVIDE (end = .)
                0x0000000020000048                PROVIDE (_end = .)
                0x0000000020000248                . = (. + _Min_Heap_Size)
 *fill*         0x0000000020000048      0x200 
                0x0000000020000648                . = (. + _Min_Stack_Size)
 *fill*         0x0000000020000248      0x400 
                0x0000000020000648                . = ALIGN (0x8)

/DISCARD/
 libc.a(*)
 libm.a(*)
 libgcc.a(*)

.ARM.attributes
                0x0000000000000000       0x30
 *(.ARM.attributes)
 .ARM.attributes
                0x0000000000000000       0x1e c:/users/ttoomat/stm32cubeide_1.9.0/stm32cubeide/plugins/com.st.stm32cube.ide.mcu.externaltools.gnu-tools-for-stm32.10.3-2021.10.win32_1.0.0.202111181127/tools/bin/../lib/gcc/arm-none-eabi/10.3.1/thumb/v7e-m+fp/hard/crti.o
 .ARM.attributes
                0x000000000000001e       0x34 c:/users/ttoomat/stm32cubeide_1.9.0/stm32cubeide/plugins/com.st.stm32cube.ide.mcu.externaltools.gnu-tools-for-stm32.10.3-2021.10.win32_1.0.0.202111181127/tools/bin/../lib/gcc/arm-none-eabi/10.3.1/thumb/v7e-m+fp/hard/crtbegin.o
 .ARM.attributes
                0x0000000000000052       0x34 ./Core/Src/init.o
 .ARM.attributes
                0x0000000000000086       0x34 ./Core/Src/irq.o
 .ARM.attributes
                0x00000000000000ba       0x34 ./Core/Src/main.o
 .ARM.attributes
                0x00000000000000ee       0x34 ./Core/Src/system_stm32f4xx.o
 .ARM.attributes
                0x0000000000000122       0x34 ./Core/Src/usart.o
 .ARM.attributes
                0x0000000000000156       0x21 ./Core/Startup/startup_stm32f446retx.o
 .ARM.attributes
                0x0000000000000177       0x34 c:/users/ttoomat/stm32cubeide_1.9.0/stm32cubeide/plugins/com.st.stm32cube.ide.mcu.externaltools.gnu-tools-for-stm32.10.3-2021.10.win32_1.0.0.202111181127/tools/bin/../lib/gcc/arm-none-eabi/10.3.1/../../../../arm-none-eabi/lib/thumb/v7e-m+fp/hard\libc_nano.a(lib_a-init.o)
 .ARM.attributes
                0x00000000000001ab       0x34 c:/users/ttoomat/stm32cubeide_1.9.0/stm32cubeide/plugins/com.st.stm32cube.ide.mcu.externaltools.gnu-tools-for-stm32.10.3-2021.10.win32_1.0.0.202111181127/tools/bin/../lib/gcc/arm-none-eabi/10.3.1/../../../../arm-none-eabi/lib/thumb/v7e-m+fp/hard\libm.a(lib_a-s_sin.o)
 .ARM.attributes
                0x00000000000001df       0x34 c:/users/ttoomat/stm32cubeide_1.9.0/stm32cubeide/plugins/com.st.stm32cube.ide.mcu.externaltools.gnu-tools-for-stm32.10.3-2021.10.win32_1.0.0.202111181127/tools/bin/../lib/gcc/arm-none-eabi/10.3.1/../../../../arm-none-eabi/lib/thumb/v7e-m+fp/hard\libm.a(lib_a-e_rem_pio2.o)
 .ARM.attributes
                0x0000000000000213       0x34 c:/users/ttoomat/stm32cubeide_1.9.0/stm32cubeide/plugins/com.st.stm32cube.ide.mcu.externaltools.gnu-tools-for-stm32.10.3-2021.10.win32_1.0.0.202111181127/tools/bin/../lib/gcc/arm-none-eabi/10.3.1/../../../../arm-none-eabi/lib/thumb/v7e-m+fp/hard\libm.a(lib_a-k_cos.o)
 .ARM.attributes
                0x0000000000000247       0x34 c:/users/ttoomat/stm32cubeide_1.9.0/stm32cubeide/plugins/com.st.stm32cube.ide.mcu.externaltools.gnu-tools-for-stm32.10.3-2021.10.win32_1.0.0.202111181127/tools/bin/../lib/gcc/arm-none-eabi/10.3.1/../../../../arm-none-eabi/lib/thumb/v7e-m+fp/hard\libm.a(lib_a-k_rem_pio2.o)
 .ARM.attributes
                0x000000000000027b       0x34 c:/users/ttoomat/stm32cubeide_1.9.0/stm32cubeide/plugins/com.st.stm32cube.ide.mcu.externaltools.gnu-tools-for-stm32.10.3-2021.10.win32_1.0.0.202111181127/tools/bin/../lib/gcc/arm-none-eabi/10.3.1/../../../../arm-none-eabi/lib/thumb/v7e-m+fp/hard\libm.a(lib_a-k_sin.o)
 .ARM.attributes
                0x00000000000002af       0x34 c:/users/ttoomat/stm32cubeide_1.9.0/stm32cubeide/plugins/com.st.stm32cube.ide.mcu.externaltools.gnu-tools-for-stm32.10.3-2021.10.win32_1.0.0.202111181127/tools/bin/../lib/gcc/arm-none-eabi/10.3.1/../../../../arm-none-eabi/lib/thumb/v7e-m+fp/hard\libm.a(lib_a-s_fabs.o)
 .ARM.attributes
                0x00000000000002e3       0x34 c:/users/ttoomat/stm32cubeide_1.9.0/stm32cubeide/plugins/com.st.stm32cube.ide.mcu.externaltools.gnu-tools-for-stm32.10.3-2021.10.win32_1.0.0.202111181127/tools/bin/../lib/gcc/arm-none-eabi/10.3.1/../../../../arm-none-eabi/lib/thumb/v7e-m+fp/hard\libm.a(lib_a-s_floor.o)
 .ARM.attributes
                0x0000000000000317       0x34 c:/users/ttoomat/stm32cubeide_1.9.0/stm32cubeide/plugins/com.st.stm32cube.ide.mcu.externaltools.gnu-tools-for-stm32.10.3-2021.10.win32_1.0.0.202111181127/tools/bin/../lib/gcc/arm-none-eabi/10.3.1/../../../../arm-none-eabi/lib/thumb/v7e-m+fp/hard\libm.a(lib_a-s_scalbn.o)
 .ARM.attributes
                0x000000000000034b       0x1e c:/users/ttoomat/stm32cubeide_1.9.0/stm32cubeide/plugins/com.st.stm32cube.ide.mcu.externaltools.gnu-tools-for-stm32.10.3-2021.10.win32_1.0.0.202111181127/tools/bin/../lib/gcc/arm-none-eabi/10.3.1/thumb/v7e-m+fp/hard\libgcc.a(_arm_addsubdf3.o)
 .ARM.attributes
                0x0000000000000369       0x1e c:/users/ttoomat/stm32cubeide_1.9.0/stm32cubeide/plugins/com.st.stm32cube.ide.mcu.externaltools.gnu-tools-for-stm32.10.3-2021.10.win32_1.0.0.202111181127/tools/bin/../lib/gcc/arm-none-eabi/10.3.1/thumb/v7e-m+fp/hard\libgcc.a(_arm_muldivdf3.o)
 .ARM.attributes
                0x0000000000000387       0x1e c:/users/ttoomat/stm32cubeide_1.9.0/stm32cubeide/plugins/com.st.stm32cube.ide.mcu.externaltools.gnu-tools-for-stm32.10.3-2021.10.win32_1.0.0.202111181127/tools/bin/../lib/gcc/arm-none-eabi/10.3.1/thumb/v7e-m+fp/hard\libgcc.a(_arm_cmpdf2.o)
 .ARM.attributes
                0x00000000000003a5       0x1e c:/users/ttoomat/stm32cubeide_1.9.0/stm32cubeide/plugins/com.st.stm32cube.ide.mcu.externaltools.gnu-tools-for-stm32.10.3-2021.10.win32_1.0.0.202111181127/tools/bin/../lib/gcc/arm-none-eabi/10.3.1/thumb/v7e-m+fp/hard\libgcc.a(_arm_fixdfsi.o)
 .ARM.attributes
                0x00000000000003c3       0x1e c:/users/ttoomat/stm32cubeide_1.9.0/stm32cubeide/plugins/com.st.stm32cube.ide.mcu.externaltools.gnu-tools-for-stm32.10.3-2021.10.win32_1.0.0.202111181127/tools/bin/../lib/gcc/arm-none-eabi/10.3.1/thumb/v7e-m+fp/hard\libgcc.a(_arm_fixunsdfsi.o)
 .ARM.attributes
                0x00000000000003e1       0x1e c:/users/ttoomat/stm32cubeide_1.9.0/stm32cubeide/plugins/com.st.stm32cube.ide.mcu.externaltools.gnu-tools-for-stm32.10.3-2021.10.win32_1.0.0.202111181127/tools/bin/../lib/gcc/arm-none-eabi/10.3.1/thumb/v7e-m+fp/hard/crtn.o
OUTPUT(lab4.elf elf32-littlearm)
LOAD linker stubs
LOAD c:/users/ttoomat/stm32cubeide_1.9.0/stm32cubeide/plugins/com.st.stm32cube.ide.mcu.externaltools.gnu-tools-for-stm32.10.3-2021.10.win32_1.0.0.202111181127/tools/bin/../lib/gcc/arm-none-eabi/10.3.1/../../../../arm-none-eabi/lib/thumb/v7e-m+fp/hard\libc.a
LOAD c:/users/ttoomat/stm32cubeide_1.9.0/stm32cubeide/plugins/com.st.stm32cube.ide.mcu.externaltools.gnu-tools-for-stm32.10.3-2021.10.win32_1.0.0.202111181127/tools/bin/../lib/gcc/arm-none-eabi/10.3.1/../../../../arm-none-eabi/lib/thumb/v7e-m+fp/hard\libm.a
LOAD c:/users/ttoomat/stm32cubeide_1.9.0/stm32cubeide/plugins/com.st.stm32cube.ide.mcu.externaltools.gnu-tools-for-stm32.10.3-2021.10.win32_1.0.0.202111181127/tools/bin/../lib/gcc/arm-none-eabi/10.3.1/thumb/v7e-m+fp/hard\libgcc.a

.debug_info     0x0000000000000000     0x1a67
 .debug_info    0x0000000000000000      0xc31 ./Core/Src/init.o
 .debug_info    0x0000000000000c31      0x23d ./Core/Src/irq.o
 .debug_info    0x0000000000000e6e      0x4ae ./Core/Src/main.o
 .debug_info    0x000000000000131c      0x554 ./Core/Src/system_stm32f4xx.o
 .debug_info    0x0000000000001870      0x1d5 ./Core/Src/usart.o
 .debug_info    0x0000000000001a45       0x22 ./Core/Startup/startup_stm32f446retx.o

.debug_abbrev   0x0000000000000000      0x62a
 .debug_abbrev  0x0000000000000000      0x185 ./Core/Src/init.o
 .debug_abbrev  0x0000000000000185      0x10b ./Core/Src/irq.o
 .debug_abbrev  0x0000000000000290      0x13b ./Core/Src/main.o
 .debug_abbrev  0x00000000000003cb      0x116 ./Core/Src/system_stm32f4xx.o
 .debug_abbrev  0x00000000000004e1      0x137 ./Core/Src/usart.o
 .debug_abbrev  0x0000000000000618       0x12 ./Core/Startup/startup_stm32f446retx.o

.debug_aranges  0x0000000000000000      0x130
 .debug_aranges
                0x0000000000000000       0x68 ./Core/Src/init.o
 .debug_aranges
                0x0000000000000068       0x30 ./Core/Src/irq.o
 .debug_aranges
                0x0000000000000098       0x20 ./Core/Src/main.o
 .debug_aranges
                0x00000000000000b8       0x28 ./Core/Src/system_stm32f4xx.o
 .debug_aranges
                0x00000000000000e0       0x28 ./Core/Src/usart.o
 .debug_aranges
                0x0000000000000108       0x28 ./Core/Startup/startup_stm32f446retx.o

.debug_ranges   0x0000000000000000       0xd8
 .debug_ranges  0x0000000000000000       0x58 ./Core/Src/init.o
 .debug_ranges  0x0000000000000058       0x20 ./Core/Src/irq.o
 .debug_ranges  0x0000000000000078       0x10 ./Core/Src/main.o
 .debug_ranges  0x0000000000000088       0x18 ./Core/Src/system_stm32f4xx.o
 .debug_ranges  0x00000000000000a0       0x18 ./Core/Src/usart.o
 .debug_ranges  0x00000000000000b8       0x20 ./Core/Startup/startup_stm32f446retx.o

.debug_macro    0x0000000000000000    0x19f64
 .debug_macro   0x0000000000000000      0x124 ./Core/Src/init.o
 .debug_macro   0x0000000000000124      0xa78 ./Core/Src/init.o
 .debug_macro   0x0000000000000b9c       0x22 ./Core/Src/init.o
 .debug_macro   0x0000000000000bbe       0x4c ./Core/Src/init.o
 .debug_macro   0x0000000000000c0a       0x1e ./Core/Src/init.o
 .debug_macro   0x0000000000000c28       0x94 ./Core/Src/init.o
 .debug_macro   0x0000000000000cbc       0x3c ./Core/Src/init.o
 .debug_macro   0x0000000000000cf8      0x103 ./Core/Src/init.o
 .debug_macro   0x0000000000000dfb       0x3a ./Core/Src/init.o
 .debug_macro   0x0000000000000e35       0x57 ./Core/Src/init.o
 .debug_macro   0x0000000000000e8c       0x6a ./Core/Src/init.o
 .debug_macro   0x0000000000000ef6      0x1df ./Core/Src/init.o
 .debug_macro   0x00000000000010d5       0x82 ./Core/Src/init.o
 .debug_macro   0x0000000000001157      0x460 ./Core/Src/init.o
 .debug_macro   0x00000000000015b7       0x28 ./Core/Src/init.o
 .debug_macro   0x00000000000015df       0x1c ./Core/Src/init.o
 .debug_macro   0x00000000000015fb       0x22 ./Core/Src/init.o
 .debug_macro   0x000000000000161d       0xd9 ./Core/Src/init.o
 .debug_macro   0x00000000000016f6     0x102d ./Core/Src/init.o
 .debug_macro   0x0000000000002723      0x11f ./Core/Src/init.o
 .debug_macro   0x0000000000002842    0x16749 ./Core/Src/init.o
 .debug_macro   0x0000000000018f8b       0x28 ./Core/Src/init.o
 .debug_macro   0x0000000000018fb3      0x11b ./Core/Src/irq.o
 .debug_macro   0x00000000000190ce      0x1be ./Core/Src/main.o
 .debug_macro   0x000000000001928c       0x34 ./Core/Src/main.o
 .debug_macro   0x00000000000192c0      0x174 ./Core/Src/main.o
 .debug_macro   0x0000000000019434       0x16 ./Core/Src/main.o
 .debug_macro   0x000000000001944a       0x43 ./Core/Src/main.o
 .debug_macro   0x000000000001948d       0x34 ./Core/Src/main.o
 .debug_macro   0x00000000000194c1       0x10 ./Core/Src/main.o
 .debug_macro   0x00000000000194d1       0x58 ./Core/Src/main.o
 .debug_macro   0x0000000000019529       0x71 ./Core/Src/main.o
 .debug_macro   0x000000000001959a       0x1c ./Core/Src/main.o
 .debug_macro   0x00000000000195b6      0x12a ./Core/Src/main.o
 .debug_macro   0x00000000000196e0      0x341 ./Core/Src/main.o
 .debug_macro   0x0000000000019a21      0x19b ./Core/Src/main.o
 .debug_macro   0x0000000000019bbc       0x35 ./Core/Src/main.o
 .debug_macro   0x0000000000019bf1       0xda ./Core/Src/system_stm32f4xx.o
 .debug_macro   0x0000000000019ccb       0x2e ./Core/Src/system_stm32f4xx.o
 .debug_macro   0x0000000000019cf9       0x8e ./Core/Src/system_stm32f4xx.o
 .debug_macro   0x0000000000019d87       0x51 ./Core/Src/system_stm32f4xx.o
 .debug_macro   0x0000000000019dd8       0x6d ./Core/Src/system_stm32f4xx.o
 .debug_macro   0x0000000000019e45      0x11f ./Core/Src/usart.o

.debug_line     0x0000000000000000     0x1fc0
 .debug_line    0x0000000000000000      0x799 ./Core/Src/init.o
 .debug_line    0x0000000000000799      0x616 ./Core/Src/irq.o
 .debug_line    0x0000000000000daf      0x63d ./Core/Src/main.o
 .debug_line    0x00000000000013ec      0x50f ./Core/Src/system_stm32f4xx.o
 .debug_line    0x00000000000018fb      0x63d ./Core/Src/usart.o
 .debug_line    0x0000000000001f38       0x88 ./Core/Startup/startup_stm32f446retx.o

.debug_str      0x0000000000000000    0x8ff5d
 .debug_str     0x0000000000000000    0x8c12e ./Core/Src/init.o
                                      0x8c326 (size before relaxing)
 .debug_str     0x000000000008c12e       0x87 ./Core/Src/irq.o
                                      0x8ba77 (size before relaxing)
 .debug_str     0x000000000008c1b5     0x3561 ./Core/Src/main.o
                                      0x8f0dd (size before relaxing)
 .debug_str     0x000000000008f716      0x7ef ./Core/Src/system_stm32f4xx.o
                                      0x8aeeb (size before relaxing)
 .debug_str     0x000000000008ff05       0x22 ./Core/Src/usart.o
                                      0x8ba45 (size before relaxing)
 .debug_str     0x000000000008ff27       0x36 ./Core/Startup/startup_stm32f446retx.o
                                         0x52 (size before relaxing)

.comment        0x0000000000000000       0x50
 .comment       0x0000000000000000       0x50 ./Core/Src/init.o
                                         0x51 (size before relaxing)
 .comment       0x0000000000000050       0x51 ./Core/Src/irq.o
 .comment       0x0000000000000050       0x51 ./Core/Src/main.o
 .comment       0x0000000000000050       0x51 ./Core/Src/system_stm32f4xx.o
 .comment       0x0000000000000050       0x51 ./Core/Src/usart.o

.debug_frame    0x0000000000000000      0x6b8
 .debug_frame   0x0000000000000000      0x144 ./Core/Src/init.o
 .debug_frame   0x0000000000000144       0x70 ./Core/Src/irq.o
 .debug_frame   0x00000000000001b4       0x34 ./Core/Src/main.o
 .debug_frame   0x00000000000001e8       0x58 ./Core/Src/system_stm32f4xx.o
 .debug_frame   0x0000000000000240       0x54 ./Core/Src/usart.o
 .debug_frame   0x0000000000000294       0x2c c:/users/ttoomat/stm32cubeide_1.9.0/stm32cubeide/plugins/com.st.stm32cube.ide.mcu.externaltools.gnu-tools-for-stm32.10.3-2021.10.win32_1.0.0.202111181127/tools/bin/../lib/gcc/arm-none-eabi/10.3.1/../../../../arm-none-eabi/lib/thumb/v7e-m+fp/hard\libc_nano.a(lib_a-init.o)
 .debug_frame   0x00000000000002c0       0x38 c:/users/ttoomat/stm32cubeide_1.9.0/stm32cubeide/plugins/com.st.stm32cube.ide.mcu.externaltools.gnu-tools-for-stm32.10.3-2021.10.win32_1.0.0.202111181127/tools/bin/../lib/gcc/arm-none-eabi/10.3.1/../../../../arm-none-eabi/lib/thumb/v7e-m+fp/hard\libm.a(lib_a-s_sin.o)
 .debug_frame   0x00000000000002f8       0x50 c:/users/ttoomat/stm32cubeide_1.9.0/stm32cubeide/plugins/com.st.stm32cube.ide.mcu.externaltools.gnu-tools-for-stm32.10.3-2021.10.win32_1.0.0.202111181127/tools/bin/../lib/gcc/arm-none-eabi/10.3.1/../../../../arm-none-eabi/lib/thumb/v7e-m+fp/hard\libm.a(lib_a-e_rem_pio2.o)
 .debug_frame   0x0000000000000348       0x3c c:/users/ttoomat/stm32cubeide_1.9.0/stm32cubeide/plugins/com.st.stm32cube.ide.mcu.externaltools.gnu-tools-for-stm32.10.3-2021.10.win32_1.0.0.202111181127/tools/bin/../lib/gcc/arm-none-eabi/10.3.1/../../../../arm-none-eabi/lib/thumb/v7e-m+fp/hard\libm.a(lib_a-k_cos.o)
 .debug_frame   0x0000000000000384       0x54 c:/users/ttoomat/stm32cubeide_1.9.0/stm32cubeide/plugins/com.st.stm32cube.ide.mcu.externaltools.gnu-tools-for-stm32.10.3-2021.10.win32_1.0.0.202111181127/tools/bin/../lib/gcc/arm-none-eabi/10.3.1/../../../../arm-none-eabi/lib/thumb/v7e-m+fp/hard\libm.a(lib_a-k_rem_pio2.o)
 .debug_frame   0x00000000000003d8       0x5c c:/users/ttoomat/stm32cubeide_1.9.0/stm32cubeide/plugins/com.st.stm32cube.ide.mcu.externaltools.gnu-tools-for-stm32.10.3-2021.10.win32_1.0.0.202111181127/tools/bin/../lib/gcc/arm-none-eabi/10.3.1/../../../../arm-none-eabi/lib/thumb/v7e-m+fp/hard\libm.a(lib_a-k_sin.o)
 .debug_frame   0x0000000000000434       0x20 c:/users/ttoomat/stm32cubeide_1.9.0/stm32cubeide/plugins/com.st.stm32cube.ide.mcu.externaltools.gnu-tools-for-stm32.10.3-2021.10.win32_1.0.0.202111181127/tools/bin/../lib/gcc/arm-none-eabi/10.3.1/../../../../arm-none-eabi/lib/thumb/v7e-m+fp/hard\libm.a(lib_a-s_fabs.o)
 .debug_frame   0x0000000000000454       0x30 c:/users/ttoomat/stm32cubeide_1.9.0/stm32cubeide/plugins/com.st.stm32cube.ide.mcu.externaltools.gnu-tools-for-stm32.10.3-2021.10.win32_1.0.0.202111181127/tools/bin/../lib/gcc/arm-none-eabi/10.3.1/../../../../arm-none-eabi/lib/thumb/v7e-m+fp/hard\libm.a(lib_a-s_floor.o)
 .debug_frame   0x0000000000000484       0x2c c:/users/ttoomat/stm32cubeide_1.9.0/stm32cubeide/plugins/com.st.stm32cube.ide.mcu.externaltools.gnu-tools-for-stm32.10.3-2021.10.win32_1.0.0.202111181127/tools/bin/../lib/gcc/arm-none-eabi/10.3.1/../../../../arm-none-eabi/lib/thumb/v7e-m+fp/hard\libm.a(lib_a-s_scalbn.o)
 .debug_frame   0x00000000000004b0       0xac c:/users/ttoomat/stm32cubeide_1.9.0/stm32cubeide/plugins/com.st.stm32cube.ide.mcu.externaltools.gnu-tools-for-stm32.10.3-2021.10.win32_1.0.0.202111181127/tools/bin/../lib/gcc/arm-none-eabi/10.3.1/thumb/v7e-m+fp/hard\libgcc.a(_arm_addsubdf3.o)
 .debug_frame   0x000000000000055c       0x50 c:/users/ttoomat/stm32cubeide_1.9.0/stm32cubeide/plugins/com.st.stm32cube.ide.mcu.externaltools.gnu-tools-for-stm32.10.3-2021.10.win32_1.0.0.202111181127/tools/bin/../lib/gcc/arm-none-eabi/10.3.1/thumb/v7e-m+fp/hard\libgcc.a(_arm_muldivdf3.o)
 .debug_frame   0x00000000000005ac       0xc4 c:/users/ttoomat/stm32cubeide_1.9.0/stm32cubeide/plugins/com.st.stm32cube.ide.mcu.externaltools.gnu-tools-for-stm32.10.3-2021.10.win32_1.0.0.202111181127/tools/bin/../lib/gcc/arm-none-eabi/10.3.1/thumb/v7e-m+fp/hard\libgcc.a(_arm_cmpdf2.o)
 .debug_frame   0x0000000000000670       0x24 c:/users/ttoomat/stm32cubeide_1.9.0/stm32cubeide/plugins/com.st.stm32cube.ide.mcu.externaltools.gnu-tools-for-stm32.10.3-2021.10.win32_1.0.0.202111181127/tools/bin/../lib/gcc/arm-none-eabi/10.3.1/thumb/v7e-m+fp/hard\libgcc.a(_arm_fixdfsi.o)
 .debug_frame   0x0000000000000694       0x24 c:/users/ttoomat/stm32cubeide_1.9.0/stm32cubeide/plugins/com.st.stm32cube.ide.mcu.externaltools.gnu-tools-for-stm32.10.3-2021.10.win32_1.0.0.202111181127/tools/bin/../lib/gcc/arm-none-eabi/10.3.1/thumb/v7e-m+fp/hard\libgcc.a(_arm_fixunsdfsi.o)
